Archive member included to satisfy reference by file (symbol)

c:/program files (x86)/gnu tools arm embedded/5.4 2016q3/bin/../lib/gcc/arm-none-eabi/5.4.1/armv7-m\libgcc.a(_arm_addsubdf3.o)
                              ..\obj\filters.o (__aeabi_dsub)
c:/program files (x86)/gnu tools arm embedded/5.4 2016q3/bin/../lib/gcc/arm-none-eabi/5.4.1/armv7-m\libgcc.a(_arm_muldivdf3.o)
                              ..\obj\filters.o (__aeabi_dmul)
c:/program files (x86)/gnu tools arm embedded/5.4 2016q3/bin/../lib/gcc/arm-none-eabi/5.4.1/armv7-m\libgcc.a(_arm_fixdfsi.o)
                              ..\obj\main.o (__aeabi_d2iz)
c:/program files (x86)/gnu tools arm embedded/5.4 2016q3/bin/../lib/gcc/arm-none-eabi/5.4.1/armv7-m\libgcc.a(_arm_fixunsdfsi.o)
                              ..\obj\main.o (__aeabi_d2uiz)
c:/program files (x86)/gnu tools arm embedded/5.4 2016q3/bin/../lib/gcc/arm-none-eabi/5.4.1/armv7-m\libgcc.a(_arm_truncdfsf2.o)
                              ..\obj\filters.o (__aeabi_d2f)
c:/program files (x86)/gnu tools arm embedded/5.4 2016q3/bin/../lib/gcc/arm-none-eabi/5.4.1/armv7-m\libgcc.a(_arm_addsubsf3.o)
                              ..\obj\main.o (__aeabi_ui2f)
c:/program files (x86)/gnu tools arm embedded/5.4 2016q3/bin/../lib/gcc/arm-none-eabi/5.4.1/armv7-m\libgcc.a(_arm_muldivsf3.o)
                              ..\obj\filters.o (__aeabi_fmul)
c:/program files (x86)/gnu tools arm embedded/5.4 2016q3/bin/../lib/gcc/arm-none-eabi/5.4.1/armv7-m\libgcc.a(_arm_fixsfsi.o)
                              ..\obj\main.o (__aeabi_f2iz)
c:/program files (x86)/gnu tools arm embedded/5.4 2016q3/bin/../lib/gcc/arm-none-eabi/5.4.1/../../../../arm-none-eabi/lib/armv7-m\libc_nano.a(lib_a-exit.o)
                              c:/program files (x86)/gnu tools arm embedded/5.4 2016q3/bin/../lib/gcc/arm-none-eabi/5.4.1/../../../../arm-none-eabi/lib/armv7-m/crt0.o (exit)
c:/program files (x86)/gnu tools arm embedded/5.4 2016q3/bin/../lib/gcc/arm-none-eabi/5.4.1/../../../../arm-none-eabi/lib/armv7-m\libc_nano.a(lib_a-impure.o)
                              c:/program files (x86)/gnu tools arm embedded/5.4 2016q3/bin/../lib/gcc/arm-none-eabi/5.4.1/../../../../arm-none-eabi/lib/armv7-m\libc_nano.a(lib_a-exit.o) (_global_impure_ptr)
c:/program files (x86)/gnu tools arm embedded/5.4 2016q3/bin/../lib/gcc/arm-none-eabi/5.4.1/../../../../arm-none-eabi/lib/armv7-m\libc_nano.a(lib_a-init.o)
                              c:/program files (x86)/gnu tools arm embedded/5.4 2016q3/bin/../lib/gcc/arm-none-eabi/5.4.1/../../../../arm-none-eabi/lib/armv7-m/crt0.o (__libc_init_array)
c:/program files (x86)/gnu tools arm embedded/5.4 2016q3/bin/../lib/gcc/arm-none-eabi/5.4.1/../../../../arm-none-eabi/lib/armv7-m\libc_nano.a(lib_a-memset.o)
                              c:/program files (x86)/gnu tools arm embedded/5.4 2016q3/bin/../lib/gcc/arm-none-eabi/5.4.1/../../../../arm-none-eabi/lib/armv7-m/crt0.o (memset)
c:/program files (x86)/gnu tools arm embedded/5.4 2016q3/bin/../lib/gcc/arm-none-eabi/5.4.1/../../../../arm-none-eabi/lib/armv7-m\libc_nano.a(lib_a-nano-vfprintf_float.o)
                              (_printf_float)
c:/program files (x86)/gnu tools arm embedded/5.4 2016q3/bin/../lib/gcc/arm-none-eabi/5.4.1/../../../../arm-none-eabi/lib/armv7-m\libc_nano.a(lib_a-nano-vfprintf_i.o)
                              c:/program files (x86)/gnu tools arm embedded/5.4 2016q3/bin/../lib/gcc/arm-none-eabi/5.4.1/../../../../arm-none-eabi/lib/armv7-m\libc_nano.a(lib_a-nano-vfprintf_float.o) (_printf_common)
c:/program files (x86)/gnu tools arm embedded/5.4 2016q3/bin/../lib/gcc/arm-none-eabi/5.4.1/../../../../arm-none-eabi/lib/armv7-m\libc_nano.a(lib_a-nano-vfscanf_float.o)
                              (_scanf_float)
c:/program files (x86)/gnu tools arm embedded/5.4 2016q3/bin/../lib/gcc/arm-none-eabi/5.4.1/../../../../arm-none-eabi/lib/armv7-m\libc_nano.a(lib_a-sf_nan.o)
                              c:/program files (x86)/gnu tools arm embedded/5.4 2016q3/bin/../lib/gcc/arm-none-eabi/5.4.1/../../../../arm-none-eabi/lib/armv7-m\libc_nano.a(lib_a-nano-vfscanf_float.o) (nanf)
c:/program files (x86)/gnu tools arm embedded/5.4 2016q3/bin/../lib/gcc/arm-none-eabi/5.4.1/../../../../arm-none-eabi/lib/armv7-m\libc_nano.a(lib_a-strlen.o)
                              c:/program files (x86)/gnu tools arm embedded/5.4 2016q3/bin/../lib/gcc/arm-none-eabi/5.4.1/../../../../arm-none-eabi/lib/armv7-m\libc_nano.a(lib_a-nano-vfprintf_float.o) (strlen)
c:/program files (x86)/gnu tools arm embedded/5.4 2016q3/bin/../lib/gcc/arm-none-eabi/5.4.1/../../../../arm-none-eabi/lib/armv7-m\libc_nano.a(lib_a-strtod.o)
                              c:/program files (x86)/gnu tools arm embedded/5.4 2016q3/bin/../lib/gcc/arm-none-eabi/5.4.1/../../../../arm-none-eabi/lib/armv7-m\libc_nano.a(lib_a-nano-vfscanf_float.o) (_strtod_r)
[...]
Memory Configuration

Name             Origin             Length             Attributes
rom              0x08000000         0x00020000         xr
ram              0x20000000         0x00005000         xrw
*default*        0x00000000         0xffffffff

Linker script and memory map

LOAD c:/program files (x86)/gnu tools arm embedded/5.4 2016q3/bin/../lib/gcc/arm-none-eabi/5.4.1/armv7-m/crti.o
LOAD c:/program files (x86)/gnu tools arm embedded/5.4 2016q3/bin/../lib/gcc/arm-none-eabi/5.4.1/armv7-m/crtbegin.o
LOAD c:/program files (x86)/gnu tools arm embedded/5.4 2016q3/bin/../lib/gcc/arm-none-eabi/5.4.1/../../../../arm-none-eabi/lib/armv7-m/crt0.o
                0x20005000                _eram = 0x20005000

.text           0x08000000     0x9598
 *(.isr_vector)
 .isr_vector    0x08000000      0x10c ..\obj\startup_stm32f10x_md.o
                0x08000000                g_pfnVectors
 *(.text*)
 .text          0x0800010c       0x5c c:/program files (x86)/gnu tools arm embedded/5.4 2016q3/bin/../lib/gcc/arm-none-eabi/5.4.1/armv7-m/crtbegin.o
 .text          0x08000168      0x744 ..\obj\printf.o
                0x08000168                PrintChar
                0x08000184                PutChar
                0x080001a4                PutString
                0x080001e0                PutUnsignedInt
                0x0800027c                PutSignedInt
                0x08000374                PutHexa
                0x08000448                vsnprintf
                0x0800069c                snprintf
                0x080006cc                vsprintf
                0x080006f0                vfprintf
                0x08000758                vprintf
                0x08000780                fprintf
                0x080007ac                printf
                0x080007d4                sprintf
                0x08000800                puts
                0x08000824                fputc
                0x08000864                fputs
 .text          0x080008ac      0x5e8 ..\obj\stm32f10x_gpio.o
                0x080008ac                GPIO_DeInit
                0x08000990                GPIO_AFIODeInit
                0x080009a8                GPIO_Init
                0x08000b20                GPIO_StructInit
                0x08000b48                GPIO_ReadInputDataBit
                0x08000b7c                GPIO_ReadInputData
                0x08000b94                GPIO_ReadOutputDataBit
                0x08000bc8                GPIO_ReadOutputData
                0x08000be0                GPIO_SetBits
                0x08000bfc                GPIO_ResetBits
                0x08000c18                GPIO_WriteBit
                0x08000c48                GPIO_Write
                0x08000c64                GPIO_PinLockConfig
                0x08000ca8                GPIO_EventOutputConfig
                0x08000cf4                GPIO_EventOutputCmd
                0x08000d14                GPIO_PinRemapConfig
                0x08000df4                GPIO_EXTILineConfig
                0x08000e78                GPIO_ETH_MediaInterfaceConfig
 .text          0x08000e94      0x7d0 ..\obj\stm32f10x_rcc.o
                0x08000e94                RCC_DeInit
                0x08000ef0                RCC_HSEConfig
                0x08000f4c                RCC_WaitForHSEStartUp
                0x08000f9c                RCC_AdjustHSICalibrationValue
                0x08000fd8                RCC_HSICmd
                0x08000ff8                RCC_PLLConfig
                0x08001034                RCC_PLLCmd
                0x08001054                RCC_SYSCLKConfig
                0x0800108c                RCC_GetSYSCLKSource
                0x080010a8                RCC_HCLKConfig
                0x080010e0                RCC_PCLK1Config
                0x08001118                RCC_PCLK2Config
                0x08001150                RCC_ITConfig
                0x0800119c                RCC_USBCLKConfig
                0x080011b8                RCC_ADCCLKConfig
                0x080011f0                RCC_LSEConfig
                0x08001230                RCC_LSICmd
                0x08001250                RCC_RTCCLKConfig
                0x08001274                RCC_RTCCLKCmd
                0x08001294                RCC_GetClocksFreq
                0x080013f4                RCC_AHBPeriphClockCmd
                0x08001430                RCC_APB2PeriphClockCmd
                0x0800146c                RCC_APB1PeriphClockCmd
                0x080014a8                RCC_APB2PeriphResetCmd
                0x080014e4                RCC_APB1PeriphResetCmd
                0x08001520                RCC_BackupResetCmd
                0x08001540                RCC_ClockSecuritySystemCmd
                0x08001560                RCC_MCOConfig
                0x08001580                RCC_GetFlagStatus
                0x080015f4                RCC_ClearFlag
                0x08001610                RCC_GetITStatus
                0x08001644                RCC_ClearITPendingBit
 .text          0x08001664      0x954 ..\obj\stm32f10x_i2c.o
                0x08001664                I2C_DeInit
                0x080016ac                I2C_Init
                0x08001830                I2C_StructInit
                0x0800186c                I2C_Cmd
                0x080018ac                I2C_DMACmd
                0x080018ec                I2C_DMALastTransferCmd
                0x0800192c                I2C_GenerateSTART
                0x0800196c                I2C_GenerateSTOP
                0x080019ac                I2C_AcknowledgeConfig
                0x080019ec                I2C_OwnAddress2Config
                0x08001a30                I2C_DualAddressCmd
                0x08001a70                I2C_GeneralCallCmd
                0x08001ab0                I2C_ITConfig
                0x08001af8                I2C_SendData
                0x08001b18                I2C_ReceiveData
                0x08001b34                I2C_Send7bitAddress
                0x08001b70                I2C_ReadRegister
                0x08001b9c                I2C_SoftwareResetCmd
                0x08001be0                I2C_NACKPositionConfig
                0x08001c20                I2C_SMBusAlertConfig
                0x08001c60                I2C_TransmitPEC
                0x08001ca0                I2C_PECPositionConfig
                0x08001ce0                I2C_CalculatePEC
                0x08001d20                I2C_GetPEC
                0x08001d40                I2C_ARPCmd
                0x08001d80                I2C_StretchClockCmd
                0x08001dc0                I2C_FastModeDutyCycleConfig
                0x08001e00                I2C_CheckEvent
                0x08001e60                I2C_GetLastEvent
                0x08001ea4                I2C_GetFlagStatus
                0x08001f08                I2C_ClearFlag
                0x08001f34                I2C_GetITStatus
                0x08001f8c                I2C_ClearITPendingBit
 .text.Reset_Handler
                0x08001fb8       0x44 ..\obj\startup_stm32f10x_md.o
                0x08001fb8                Reset_Handler
 .text.Default_Handler
                0x08001ffc        0x2 ..\obj\startup_stm32f10x_md.o
                0x08001ffc                EXTI2_IRQHandler
                0x08001ffc                DebugMon_Handler
                0x08001ffc                TIM1_CC_IRQHandler
                0x08001ffc                PVD_IRQHandler
                0x08001ffc                PendSV_Handler
                0x08001ffc                NMI_Handler
                0x08001ffc                EXTI3_IRQHandler
                0x08001ffc                EXTI0_IRQHandler
                0x08001ffc                I2C2_EV_IRQHandler
                0x08001ffc                UsageFault_Handler
                0x08001ffc                ADC1_2_IRQHandler
                0x08001ffc                SPI1_IRQHandler
                0x08001ffc                TAMPER_IRQHandler
                0x08001ffc                DMA1_Channel4_IRQHandler
                0x08001ffc                USART3_IRQHandler
                0x08001ffc                RTC_IRQHandler
                0x08001ffc                DMA1_Channel7_IRQHandler
                0x08001ffc                CAN1_RX1_IRQHandler
                0x08001ffc                TIM4_IRQHandler
                0x08001ffc                I2C1_EV_IRQHandler
                0x08001ffc                DMA1_Channel6_IRQHandler
                0x08001ffc                TIM3_IRQHandler
                0x08001ffc                RCC_IRQHandler
                0x08001ffc                TIM1_TRG_COM_IRQHandler
                0x08001ffc                DMA1_Channel1_IRQHandler
                0x08001ffc                Default_Handler
                0x08001ffc                EXTI15_10_IRQHandler
                0x08001ffc                EXTI9_5_IRQHandler
                0x08001ffc                SPI2_IRQHandler
                0x08001ffc                MemManage_Handler
                0x08001ffc                SVC_Handler
                0x08001ffc                DMA1_Channel5_IRQHandler
                0x08001ffc                EXTI4_IRQHandler
                0x08001ffc                USB_LP_CAN1_RX0_IRQHandler
                0x08001ffc                USB_HP_CAN1_TX_IRQHandler
                0x08001ffc                DMA1_Channel3_IRQHandler
                0x08001ffc                TIM1_UP_IRQHandler
                0x08001ffc                WWDG_IRQHandler
                0x08001ffc                TIM2_IRQHandler
                0x08001ffc                TIM1_BRK_IRQHandler
                0x08001ffc                EXTI1_IRQHandler
                0x08001ffc                RTCAlarm_IRQHandler
                0x08001ffc                USART2_IRQHandler
                0x08001ffc                I2C2_ER_IRQHandler
                0x08001ffc                DMA1_Channel2_IRQHandler
                0x08001ffc                CAN1_SCE_IRQHandler
                0x08001ffc                FLASH_IRQHandler
                0x08001ffc                BusFault_Handler
                0x08001ffc                USART1_IRQHandler
                0x08001ffc                I2C1_ER_IRQHandler
                0x08001ffc                USBWakeUp_IRQHandler
 *fill*         0x08001ffe        0x2 
 .text          0x08002000      0x24c ..\obj\system_stm32f10x.o
                0x08002000                SystemInit
                0x08002068                SystemCoreClockUpdate
 .text          0x0800224c      0x35c ..\obj\i2c.o
                0x0800224c                i2c_init
                0x080022c0                i2c_start
                0x080022fc                i2c_stop
                0x0800232c                i2c_address_direction
                0x0800238c                i2c_transmit
                0x080023c0                i2c_receive_ack
                0x080023f0                i2c_receive_nack
                0x08002420                i2c_write
                0x08002458                i2c_read
                0x08002490                i2c_readmulti_register
                0x08002510                i2c_write_register
                0x08002550                i2c_read_register
 .text          0x080025a8       0xc4 ..\obj\semihosting.o
                0x080025a8                SH_SendChar
                0x0800260c                SH_SendString
                0x0800262c                SH_GetChar
 .text          0x0800266c       0x26 ..\obj\sh_cmd.o
                0x0800266c                SH_DoCommand
                0x0800267e                HardFault_Handler
 *fill*         0x08002692        0x2 
 .text          0x08002694      0x134 ..\obj\delay.o
                0x0800272c                SysTick_Handler
                0x08002750                DelayInit
                0x0800277c                DelayUs
                0x080027a4                DelayMs
 .text          0x080027c8     0x1468 ..\obj\main.o
                0x080027c8                getMres
                0x08002804                getGres
                0x08002868                getAres
                0x080028c4                lowPass
                0x08002900                mpu9250_init
                0x08002a38                mpu9250_readGyroData
                0x08002b20                mpu9250_readAccelData
                0x08002c6c                mpu9250_read_accel_bias
                0x08002cdc                mpu9250_set_accel_bias
                0x08002dac                mpu9250_calibrate
                0x08003180                readTemperature
                0x08003200                mpu9250_self_test
                0x08003ae0                mpu9250_reset
                0x08003af4                mpu9250_cal
                0x08003b94                main
 .text          0x08003c30      0x370 c:/program files (x86)/gnu tools arm embedded/5.4 2016q3/bin/../lib/gcc/arm-none-eabi/5.4.1/armv7-m\libgcc.a(_arm_addsubdf3.o)
                0x08003c30                __aeabi_drsub
                0x08003c38                __aeabi_dsub
                0x08003c38                __subdf3
                0x08003c3c                __aeabi_dadd
                0x08003c3c                __adddf3
                0x08003eb4                __floatunsidf
                0x08003eb4                __aeabi_ui2d
                0x08003ed4                __floatsidf
                0x08003ed4                __aeabi_i2d
                0x08003ef8                __aeabi_f2d
                0x08003ef8                __extendsfdf2
                0x08003f34                __floatundidf
                0x08003f34                __aeabi_ul2d
                0x08003f44                __floatdidf
                0x08003f44                __aeabi_l2d
 .text          0x08003fa0      0x424 c:/program files (x86)/gnu tools arm embedded/5.4 2016q3/bin/../lib/gcc/arm-none-eabi/5.4.1/armv7-m\libgcc.a(_arm_muldivdf3.o)
                0x08003fa0                __aeabi_dmul
                0x08003fa0                __muldf3
                0x080041f4                __divdf3
                0x080041f4                __aeabi_ddiv
 .text          0x080043c4       0x50 c:/program files (x86)/gnu tools arm embedded/5.4 2016q3/bin/../lib/gcc/arm-none-eabi/5.4.1/armv7-m\libgcc.a(_arm_fixdfsi.o)
                0x080043c4                __aeabi_d2iz
                0x080043c4                __fixdfsi
 .text          0x08004414       0x40 c:/program files (x86)/gnu tools arm embedded/5.4 2016q3/bin/../lib/gcc/arm-none-eabi/5.4.1/armv7-m\libgcc.a(_arm_fixunsdfsi.o)
                0x08004414                __aeabi_d2uiz
                0x08004414                __fixunsdfsi
 .text          0x08004454       0xa0 c:/program files (x86)/gnu tools arm embedded/5.4 2016q3/bin/../lib/gcc/arm-none-eabi/5.4.1/armv7-m\libgcc.a(_arm_truncdfsf2.o)
                0x08004454                __truncdfsf2
                0x08004454                __aeabi_d2f
 .text          0x080044f4      0x21c c:/program files (x86)/gnu tools arm embedded/5.4 2016q3/bin/../lib/gcc/arm-none-eabi/5.4.1/armv7-m\libgcc.a(_arm_addsubsf3.o)
                0x080044f4                __aeabi_frsub
                0x080044fc                __subsf3
                0x080044fc                __aeabi_fsub
                0x08004500                __aeabi_fadd
                0x08004500                __addsf3
                0x08004660                __aeabi_ui2f
                0x08004660                __floatunsisf
                0x08004668                __aeabi_i2f
                0x08004668                __floatsisf
                0x08004684                __aeabi_ul2f
                0x08004684                __floatundisf
                0x08004694                __aeabi_l2f
                0x08004694                __floatdisf
 .text          0x08004710      0x2a0 c:/program files (x86)/gnu tools arm embedded/5.4 2016q3/bin/../lib/gcc/arm-none-eabi/5.4.1/armv7-m\libgcc.a(_arm_muldivsf3.o)
                0x08004710                __mulsf3
                0x08004710                __aeabi_fmul
                0x08004878                __aeabi_fdiv
                0x08004878                __divsf3
 .text          0x080049b0       0x4c c:/program files (x86)/gnu tools arm embedded/5.4 2016q3/bin/../lib/gcc/arm-none-eabi/5.4.1/armv7-m\libgcc.a(_arm_fixsfsi.o)
                0x080049b0                __aeabi_f2iz
                0x080049b0                __fixsfsi
 .text.memset   0x080049fc       0x10 c:/program files (x86)/gnu tools arm embedded/5.4 2016q3/bin/../lib/gcc/arm-none-eabi/5.4.1/../../../../arm-none-eabi/lib/armv7-m\libc_nano.a(lib_a-memset.o)
                0x080049fc                memset
 .text.__cvt    0x08004a0c       0xc0 c:/program files (x86)/gnu tools arm embedded/5.4 2016q3/bin/../lib/gcc/arm-none-eabi/5.4.1/../../../../arm-none-eabi/lib/armv7-m\libc_nano.a(lib_a-nano-vfprintf_float.o)
                0x08004a0c                __cvt
 .text.__exponent
                0x08004acc       0x62 c:/program files (x86)/gnu tools arm embedded/5.4 2016q3/bin/../lib/gcc/arm-none-eabi/5.4.1/../../../../arm-none-eabi/lib/armv7-m\libc_nano.a(lib_a-nano-vfprintf_float.o)
                0x08004acc                __exponent
 *fill*         0x08004b2e        0x2 
 .text._printf_float
                0x08004b30      0x488 c:/program files (x86)/gnu tools arm embedded/5.4 2016q3/bin/../lib/gcc/arm-none-eabi/5.4.1/../../../../arm-none-eabi/lib/armv7-m\libc_nano.a(lib_a-nano-vfprintf_float.o)
                0x08004b30                _printf_float
 .text._printf_common
                0x08004fb8       0xec c:/program files (x86)/gnu tools arm embedded/5.4 2016q3/bin/../lib/gcc/arm-none-eabi/5.4.1/../../../../arm-none-eabi/lib/armv7-m\libc_nano.a(lib_a-nano-vfprintf_i.o)
                0x08004fb8                _printf_common
 .text._scanf_float
                0x080050a4      0x3bc c:/program files (x86)/gnu tools arm embedded/5.4 2016q3/bin/../lib/gcc/arm-none-eabi/5.4.1/../../../../arm-none-eabi/lib/armv7-m\libc_nano.a(lib_a-nano-vfscanf_float.o)
                0x080050a4                _scanf_float
 .text.nanf     0x08005460        0x8 c:/program files (x86)/gnu tools arm embedded/5.4 2016q3/bin/../lib/gcc/arm-none-eabi/5.4.1/../../../../arm-none-eabi/lib/armv7-m\libc_nano.a(lib_a-sf_nan.o)
                0x08005460                nanf
 .text          0x08005468       0x10 c:/program files (x86)/gnu tools arm embedded/5.4 2016q3/bin/../lib/gcc/arm-none-eabi/5.4.1/../../../../arm-none-eabi/lib/armv7-m\libc_nano.a(lib_a-strlen.o)
                0x08005468                strlen
 .text.unlikely.sulp
                0x08005478       0x42 c:/program files (x86)/gnu tools arm embedded/5.4 2016q3/bin/../lib/gcc/arm-none-eabi/5.4.1/../../../../arm-none-eabi/lib/armv7-m\libc_nano.a(lib_a-strtod.o)
 *fill*         0x080054ba        0x6 
 .text._strtod_l
                0x080054c0      0xbe8 c:/program files (x86)/gnu tools arm embedded/5.4 2016q3/bin/../lib/gcc/arm-none-eabi/5.4.1/../../../../arm-none-eabi/lib/armv7-m\libc_nano.a(lib_a-strtod.o)
                0x080054c0                _strtod_l
 .text._strtod_r
                0x080060a8       0x20 c:/program files (x86)/gnu tools arm embedded/5.4 2016q3/bin/../lib/gcc/arm-none-eabi/5.4.1/../../../../arm-none-eabi/lib/armv7-m\libc_nano.a(lib_a-strtod.o)
                0x080060a8                _strtod_r
 .text._strtol_l.isra.0
                0x080060c8      0x110 c:/program files (x86)/gnu tools arm embedded/5.4 2016q3/bin/../lib/gcc/arm-none-eabi/5.4.1/../../../../arm-none-eabi/lib/armv7-m\libc_nano.a(lib_a-strtol.o)
 .text._strtol_r
                0x080061d8       0x24 c:/program files (x86)/gnu tools arm embedded/5.4 2016q3/bin/../lib/gcc/arm-none-eabi/5.4.1/../../../../arm-none-eabi/lib/armv7-m\libc_nano.a(lib_a-strtol.o)
                0x080061d8                _strtol_r
 .text.quorem   0x080061fc      0x116 c:/program files (x86)/gnu tools arm embedded/5.4 2016q3/bin/../lib/gcc/arm-none-eabi/5.4.1/../../../../arm-none-eabi/lib/armv7-m\libc_nano.a(lib_a-dtoa.o)
 *fill*         0x08006312        0x6 
 .text._dtoa_r  0x08006318      0xb30 c:/program files (x86)/gnu tools arm embedded/5.4 2016q3/bin/../lib/gcc/arm-none-eabi/5.4.1/../../../../arm-none-eabi/lib/armv7-m\libc_nano.a(lib_a-dtoa.o)
                0x08006318                _dtoa_r
 .text.rshift   0x08006e48       0x6c c:/program files (x86)/gnu tools arm embedded/5.4 2016q3/bin/../lib/gcc/arm-none-eabi/5.4.1/../../../../arm-none-eabi/lib/armv7-m\libc_nano.a(lib_a-gdtoa-gethex.o)
 .text.__hexdig_fun
                0x08006eb4       0x2a c:/program files (x86)/gnu tools arm embedded/5.4 2016q3/bin/../lib/gcc/arm-none-eabi/5.4.1/../../../../arm-none-eabi/lib/armv7-m\libc_nano.a(lib_a-gdtoa-gethex.o)
                0x08006eb4                __hexdig_fun
 .text.__gethex
                0x08006ede      0x440 c:/program files (x86)/gnu tools arm embedded/5.4 2016q3/bin/../lib/gcc/arm-none-eabi/5.4.1/../../../../arm-none-eabi/lib/armv7-m\libc_nano.a(lib_a-gdtoa-gethex.o)
                0x08006ede                __gethex
 .text.L_shift  0x0800731e       0x24 c:/program files (x86)/gnu tools arm embedded/5.4 2016q3/bin/../lib/gcc/arm-none-eabi/5.4.1/../../../../arm-none-eabi/lib/armv7-m\libc_nano.a(lib_a-gdtoa-hexnan.o)
 .text.__match  0x08007342       0x26 c:/program files (x86)/gnu tools arm embedded/5.4 2016q3/bin/../lib/gcc/arm-none-eabi/5.4.1/../../../../arm-none-eabi/lib/armv7-m\libc_nano.a(lib_a-gdtoa-hexnan.o)
                0x08007342                __match
 .text.__hexnan
                0x08007368      0x11c c:/program files (x86)/gnu tools arm embedded/5.4 2016q3/bin/../lib/gcc/arm-none-eabi/5.4.1/../../../../arm-none-eabi/lib/armv7-m\libc_nano.a(lib_a-gdtoa-hexnan.o)
                0x08007368                __hexnan
 .text.__locale_ctype_ptr_l
                0x08007484        0x6 c:/program files (x86)/gnu tools arm embedded/5.4 2016q3/bin/../lib/gcc/arm-none-eabi/5.4.1/../../../../arm-none-eabi/lib/armv7-m\libc_nano.a(lib_a-locale.o)
                0x08007484                __locale_ctype_ptr_l
 .text.__localeconv_l
                0x0800748a        0x4 c:/program files (x86)/gnu tools arm embedded/5.4 2016q3/bin/../lib/gcc/arm-none-eabi/5.4.1/../../../../arm-none-eabi/lib/armv7-m\libc_nano.a(lib_a-localeconv.o)
                0x0800748a                __localeconv_l
 *fill*         0x0800748e        0x2 
 .text._localeconv_r
                0x08007490       0x1c c:/program files (x86)/gnu tools arm embedded/5.4 2016q3/bin/../lib/gcc/arm-none-eabi/5.4.1/../../../../arm-none-eabi/lib/armv7-m\libc_nano.a(lib_a-localeconv.o)
                0x08007490                _localeconv_r
 .text.malloc   0x080074ac       0x10 c:/program files (x86)/gnu tools arm embedded/5.4 2016q3/bin/../lib/gcc/arm-none-eabi/5.4.1/../../../../arm-none-eabi/lib/armv7-m\libc_nano.a(lib_a-malloc.o)
                0x080074ac                malloc
 .text.__ascii_mbtowc
                0x080074bc       0x24 c:/program files (x86)/gnu tools arm embedded/5.4 2016q3/bin/../lib/gcc/arm-none-eabi/5.4.1/../../../../arm-none-eabi/lib/armv7-m\libc_nano.a(lib_a-mbtowc_r.o)
                0x080074bc                __ascii_mbtowc
 .text.memcpy   0x080074e0       0x16 c:/program files (x86)/gnu tools arm embedded/5.4 2016q3/bin/../lib/gcc/arm-none-eabi/5.4.1/../../../../arm-none-eabi/lib/armv7-m\libc_nano.a(lib_a-memcpy-stub.o)
                0x080074e0                memcpy
 .text._Balloc  0x080074f6       0x6a c:/program files (x86)/gnu tools arm embedded/5.4 2016q3/bin/../lib/gcc/arm-none-eabi/5.4.1/../../../../arm-none-eabi/lib/armv7-m\libc_nano.a(lib_a-mprec.o)
                0x080074f6                _Balloc
 .text._Bfree   0x08007560       0x2e c:/program files (x86)/gnu tools arm embedded/5.4 2016q3/bin/../lib/gcc/arm-none-eabi/5.4.1/../../../../arm-none-eabi/lib/armv7-m\libc_nano.a(lib_a-mprec.o)
                0x08007560                _Bfree
 .text.__multadd
                0x0800758e       0x76 c:/program files (x86)/gnu tools arm embedded/5.4 2016q3/bin/../lib/gcc/arm-none-eabi/5.4.1/../../../../arm-none-eabi/lib/armv7-m\libc_nano.a(lib_a-mprec.o)
                0x0800758e                __multadd
 .text.__s2b    0x08007604       0x7c c:/program files (x86)/gnu tools arm embedded/5.4 2016q3/bin/../lib/gcc/arm-none-eabi/5.4.1/../../../../arm-none-eabi/lib/armv7-m\libc_nano.a(lib_a-mprec.o)
                0x08007604                __s2b
 .text.__hi0bits
                0x08007680       0x40 c:/program files (x86)/gnu tools arm embedded/5.4 2016q3/bin/../lib/gcc/arm-none-eabi/5.4.1/../../../../arm-none-eabi/lib/armv7-m\libc_nano.a(lib_a-mprec.o)
                0x08007680                __hi0bits
 .text.__lo0bits
                0x080076c0       0x5a c:/program files (x86)/gnu tools arm embedded/5.4 2016q3/bin/../lib/gcc/arm-none-eabi/5.4.1/../../../../arm-none-eabi/lib/armv7-m\libc_nano.a(lib_a-mprec.o)
                0x080076c0                __lo0bits
 .text.__i2b    0x0800771a       0x12 c:/program files (x86)/gnu tools arm embedded/5.4 2016q3/bin/../lib/gcc/arm-none-eabi/5.4.1/../../../../arm-none-eabi/lib/armv7-m\libc_nano.a(lib_a-mprec.o)
                0x0800771a                __i2b
 .text.__multiply
                0x0800772c      0x120 c:/program files (x86)/gnu tools arm embedded/5.4 2016q3/bin/../lib/gcc/arm-none-eabi/5.4.1/../../../../arm-none-eabi/lib/armv7-m\libc_nano.a(lib_a-mprec.o)
                0x0800772c                __multiply
 .text.__pow5mult
                0x0800784c       0x9c c:/program files (x86)/gnu tools arm embedded/5.4 2016q3/bin/../lib/gcc/arm-none-eabi/5.4.1/../../../../arm-none-eabi/lib/armv7-m\libc_nano.a(lib_a-mprec.o)
                0x0800784c                __pow5mult
 .text.__lshift
                0x080078e8       0xa2 c:/program files (x86)/gnu tools arm embedded/5.4 2016q3/bin/../lib/gcc/arm-none-eabi/5.4.1/../../../../arm-none-eabi/lib/armv7-m\libc_nano.a(lib_a-mprec.o)
                0x080078e8                __lshift
 .text.__mcmp   0x0800798a       0x38 c:/program files (x86)/gnu tools arm embedded/5.4 2016q3/bin/../lib/gcc/arm-none-eabi/5.4.1/../../../../arm-none-eabi/lib/armv7-m\libc_nano.a(lib_a-mprec.o)
                0x0800798a                __mcmp
 .text.__mdiff  0x080079c2       0xbe c:/program files (x86)/gnu tools arm embedded/5.4 2016q3/bin/../lib/gcc/arm-none-eabi/5.4.1/../../../../arm-none-eabi/lib/armv7-m\libc_nano.a(lib_a-mprec.o)
                0x080079c2                __mdiff
 .text.__ulp    0x08007a80       0x48 c:/program files (x86)/gnu tools arm embedded/5.4 2016q3/bin/../lib/gcc/arm-none-eabi/5.4.1/../../../../arm-none-eabi/lib/armv7-m\libc_nano.a(lib_a-mprec.o)
                0x08007a80                __ulp
 .text.__b2d    0x08007ac8       0x9a c:/program files (x86)/gnu tools arm embedded/5.4 2016q3/bin/../lib/gcc/arm-none-eabi/5.4.1/../../../../arm-none-eabi/lib/armv7-m\libc_nano.a(lib_a-mprec.o)
                0x08007ac8                __b2d
 .text.__d2b    0x08007b62       0x9c c:/program files (x86)/gnu tools arm embedded/5.4 2016q3/bin/../lib/gcc/arm-none-eabi/5.4.1/../../../../arm-none-eabi/lib/armv7-m\libc_nano.a(lib_a-mprec.o)
                0x08007b62                __d2b
 .text.__ratio  0x08007bfe       0x50 c:/program files (x86)/gnu tools arm embedded/5.4 2016q3/bin/../lib/gcc/arm-none-eabi/5.4.1/../../../../arm-none-eabi/lib/armv7-m\libc_nano.a(lib_a-mprec.o)
                0x08007bfe                __ratio
 .text.__copybits
                0x08007c4e       0x34 c:/program files (x86)/gnu tools arm embedded/5.4 2016q3/bin/../lib/gcc/arm-none-eabi/5.4.1/../../../../arm-none-eabi/lib/armv7-m\libc_nano.a(lib_a-mprec.o)
                0x08007c4e                __copybits
 .text.__any_on
                0x08007c82       0x44 c:/program files (x86)/gnu tools arm embedded/5.4 2016q3/bin/../lib/gcc/arm-none-eabi/5.4.1/../../../../arm-none-eabi/lib/armv7-m\libc_nano.a(lib_a-mprec.o)
                0x08007c82                __any_on
 .text._calloc_r
                0x08007cc6       0x1c c:/program files (x86)/gnu tools arm embedded/5.4 2016q3/bin/../lib/gcc/arm-none-eabi/5.4.1/../../../../arm-none-eabi/lib/armv7-m\libc_nano.a(lib_a-nano-callocr.o)
                0x08007cc6                _calloc_r
 *fill*         0x08007ce2        0x2 
 .text._malloc_r
                0x08007ce4       0xbc c:/program files (x86)/gnu tools arm embedded/5.4 2016q3/bin/../lib/gcc/arm-none-eabi/5.4.1/../../../../arm-none-eabi/lib/armv7-m\libc_nano.a(lib_a-nano-mallocr.o)
                0x08007ce4                _malloc_r
 .text._sbrk_r  0x08007da0       0x20 c:/program files (x86)/gnu tools arm embedded/5.4 2016q3/bin/../lib/gcc/arm-none-eabi/5.4.1/../../../../arm-none-eabi/lib/armv7-m\libc_nano.a(lib_a-sbrkr.o)
                0x08007da0                _sbrk_r
 .text.strncmp  0x08007dc0       0x2a c:/program files (x86)/gnu tools arm embedded/5.4 2016q3/bin/../lib/gcc/arm-none-eabi/5.4.1/../../../../arm-none-eabi/lib/armv7-m\libc_nano.a(lib_a-strncmp.o)
                0x08007dc0                strncmp
 .text.__ascii_wctomb
                0x08007dea       0x1a c:/program files (x86)/gnu tools arm embedded/5.4 2016q3/bin/../lib/gcc/arm-none-eabi/5.4.1/../../../../arm-none-eabi/lib/armv7-m\libc_nano.a(lib_a-wctomb_r.o)
                0x08007dea                __ascii_wctomb
 .text.__malloc_lock
                0x08007e04        0x2 c:/program files (x86)/gnu tools arm embedded/5.4 2016q3/bin/../lib/gcc/arm-none-eabi/5.4.1/../../../../arm-none-eabi/lib/armv7-m\libc_nano.a(lib_a-mlock.o)
                0x08007e04                __malloc_lock
 .text.__malloc_unlock
                0x08007e06        0x2 c:/program files (x86)/gnu tools arm embedded/5.4 2016q3/bin/../lib/gcc/arm-none-eabi/5.4.1/../../../../arm-none-eabi/lib/armv7-m\libc_nano.a(lib_a-mlock.o)
                0x08007e06                __malloc_unlock
 .text.pow      0x08007e08      0x330 c:/program files (x86)/gnu tools arm embedded/5.4 2016q3/bin/../lib/gcc/arm-none-eabi/5.4.1/../../../../arm-none-eabi/lib/armv7-m\libm.a(lib_a-w_pow.o)
                0x08007e08                pow
 .text.__ieee754_pow
                0x08008138      0xac4 c:/program files (x86)/gnu tools arm embedded/5.4 2016q3/bin/../lib/gcc/arm-none-eabi/5.4.1/../../../../arm-none-eabi/lib/armv7-m\libm.a(lib_a-e_pow.o)
                0x08008138                __ieee754_pow
 .text.__ieee754_sqrt
                0x08008bfc      0x188 c:/program files (x86)/gnu tools arm embedded/5.4 2016q3/bin/../lib/gcc/arm-none-eabi/5.4.1/../../../../arm-none-eabi/lib/armv7-m\libm.a(lib_a-e_sqrt.o)
                0x08008bfc                __ieee754_sqrt
 .text.fabs     0x08008d84        0x8 c:/program files (x86)/gnu tools arm embedded/5.4 2016q3/bin/../lib/gcc/arm-none-eabi/5.4.1/../../../../arm-none-eabi/lib/armv7-m\libm.a(lib_a-s_fabs.o)
                0x08008d84                fabs
 .text.finite   0x08008d8c        0xc c:/program files (x86)/gnu tools arm embedded/5.4 2016q3/bin/../lib/gcc/arm-none-eabi/5.4.1/../../../../arm-none-eabi/lib/armv7-m\libm.a(lib_a-s_finite.o)
                0x08008d8c                finite
 .text.matherr  0x08008d98        0x4 c:/program files (x86)/gnu tools arm embedded/5.4 2016q3/bin/../lib/gcc/arm-none-eabi/5.4.1/../../../../arm-none-eabi/lib/armv7-m\libm.a(lib_a-s_matherr.o)
                0x08008d98                matherr
 .text.nan      0x08008d9c        0xc c:/program files (x86)/gnu tools arm embedded/5.4 2016q3/bin/../lib/gcc/arm-none-eabi/5.4.1/../../../../arm-none-eabi/lib/armv7-m\libm.a(lib_a-s_nan.o)
                0x08008d9c                nan
 .text.rint     0x08008da8      0x120 c:/program files (x86)/gnu tools arm embedded/5.4 2016q3/bin/../lib/gcc/arm-none-eabi/5.4.1/../../../../arm-none-eabi/lib/armv7-m\libm.a(lib_a-s_rint.o)
                0x08008da8                rint
 .text.scalbn   0x08008ec8       0xe4 c:/program files (x86)/gnu tools arm embedded/5.4 2016q3/bin/../lib/gcc/arm-none-eabi/5.4.1/../../../../arm-none-eabi/lib/armv7-m\libm.a(lib_a-s_scalbn.o)
                0x08008ec8                scalbn
 .text.copysign
                0x08008fac       0x10 c:/program files (x86)/gnu tools arm embedded/5.4 2016q3/bin/../lib/gcc/arm-none-eabi/5.4.1/../../../../arm-none-eabi/lib/armv7-m\libm.a(lib_a-s_copysign.o)
                0x08008fac                copysign
 .text._sbrk    0x08008fbc       0x48 c:/program files (x86)/gnu tools arm embedded/5.4 2016q3/bin/../lib/gcc/arm-none-eabi/5.4.1/../../../../arm-none-eabi/lib/armv7-m\librdimon_nano.a(rdimon-syscalls.o)
                0x08008fbc                _sbrk
 .text          0x08009004      0x110 c:/program files (x86)/gnu tools arm embedded/5.4 2016q3/bin/../lib/gcc/arm-none-eabi/5.4.1/armv7-m\libgcc.a(_arm_cmpdf2.o)
                0x08009004                __gtdf2
                0x08009004                __gedf2
                0x0800900c                __ltdf2
                0x0800900c                __ledf2
                0x08009014                __nedf2
                0x08009014                __eqdf2
                0x08009014                __cmpdf2
                0x08009090                __aeabi_cdrcmple
                0x080090a0                __aeabi_cdcmpeq
                0x080090a0                __aeabi_cdcmple
                0x080090b0                __aeabi_dcmpeq
                0x080090c4                __aeabi_dcmplt
                0x080090d8                __aeabi_dcmple
                0x080090ec                __aeabi_dcmpge
                0x08009100                __aeabi_dcmpgt
 .text          0x08009114       0x2c c:/program files (x86)/gnu tools arm embedded/5.4 2016q3/bin/../lib/gcc/arm-none-eabi/5.4.1/armv7-m\libgcc.a(_arm_unorddf2.o)
                0x08009114                __unorddf2
                0x08009114                __aeabi_dcmpun
 .text.__errno  0x08009140        0xc c:/program files (x86)/gnu tools arm embedded/5.4 2016q3/bin/../lib/gcc/arm-none-eabi/5.4.1/../../../../arm-none-eabi/lib/armv7-m\libg_nano.a(lib_a-errno.o)
                0x08009140                __errno
 *(.init)
 .init          0x0800914c        0x4 c:/program files (x86)/gnu tools arm embedded/5.4 2016q3/bin/../lib/gcc/arm-none-eabi/5.4.1/armv7-m/crti.o
                0x0800914c                _init
 .init          0x08009150        0x8 c:/program files (x86)/gnu tools arm embedded/5.4 2016q3/bin/../lib/gcc/arm-none-eabi/5.4.1/armv7-m/crtn.o
 *(.fini)
 .fini          0x08009158        0x4 c:/program files (x86)/gnu tools arm embedded/5.4 2016q3/bin/../lib/gcc/arm-none-eabi/5.4.1/armv7-m/crti.o
                0x08009158                _fini
 .fini          0x0800915c        0x8 c:/program files (x86)/gnu tools arm embedded/5.4 2016q3/bin/../lib/gcc/arm-none-eabi/5.4.1/armv7-m/crtn.o
 *crtbegin.o(.ctors)
 *crtbegin?.o(.ctors)
 *(EXCLUDE_FILE(*crtend.o *crtend?.o) .ctors)
 *(SORT(.ctors.*))
 *(.ctors)
 *crtbegin.o(.dtors)
 *crtbegin?.o(.dtors)
 *(EXCLUDE_FILE(*crtend.o *crtend?.o) .dtors)
 *(SORT(.dtors.*))
 *(.dtors)
 *(.rodata*)
 .rodata        0x08009164       0x24 ..\obj\printf.o
 .rodata        0x08009188      0x118 ..\obj\main.o
 .rodata.str1.1
                0x080092a0       0x12 c:/program files (x86)/gnu tools arm embedded/5.4 2016q3/bin/../lib/gcc/arm-none-eabi/5.4.1/../../../../arm-none-eabi/lib/armv7-m\libc_nano.a(lib_a-nano-vfprintf_float.o)
 .rodata.str1.1
                0x080092b2        0x5 c:/program files (x86)/gnu tools arm embedded/5.4 2016q3/bin/../lib/gcc/arm-none-eabi/5.4.1/../../../../arm-none-eabi/lib/armv7-m\libc_nano.a(lib_a-nano-vfscanf_float.o)
 *fill*         0x080092b7        0x1 
 .rodata.tinytens
                0x080092b8       0x28 c:/program files (x86)/gnu tools arm embedded/5.4 2016q3/bin/../lib/gcc/arm-none-eabi/5.4.1/../../../../arm-none-eabi/lib/armv7-m\libc_nano.a(lib_a-strtod.o)
 .rodata.fpi.6179
                0x080092e0       0x14 c:/program files (x86)/gnu tools arm embedded/5.4 2016q3/bin/../lib/gcc/arm-none-eabi/5.4.1/../../../../arm-none-eabi/lib/armv7-m\libc_nano.a(lib_a-strtod.o)
 .rodata.str1.1
                0x080092f4        0x5 c:/program files (x86)/gnu tools arm embedded/5.4 2016q3/bin/../lib/gcc/arm-none-eabi/5.4.1/../../../../arm-none-eabi/lib/armv7-m\libc_nano.a(lib_a-strtod.o)
                                  0xc (size before relaxing)
 .rodata.fpinan.6215
                0x080092f4       0x14 c:/program files (x86)/gnu tools arm embedded/5.4 2016q3/bin/../lib/gcc/arm-none-eabi/5.4.1/../../../../arm-none-eabi/lib/armv7-m\libc_nano.a(lib_a-strtod.o)
 .rodata.str1.1
                0x08009308        0xd c:/program files (x86)/gnu tools arm embedded/5.4 2016q3/bin/../lib/gcc/arm-none-eabi/5.4.1/../../../../arm-none-eabi/lib/armv7-m\libc_nano.a(lib_a-dtoa.o)
                                  0xf (size before relaxing)
 .rodata.str1.1
                0x08009315        0xa c:/program files (x86)/gnu tools arm embedded/5.4 2016q3/bin/../lib/gcc/arm-none-eabi/5.4.1/../../../../arm-none-eabi/lib/armv7-m\libc_nano.a(lib_a-locale.o)
                                  0xb (size before relaxing)
 *fill*         0x0800931f        0x1 
 .rodata.__mprec_tens
                0x08009320       0xc8 c:/program files (x86)/gnu tools arm embedded/5.4 2016q3/bin/../lib/gcc/arm-none-eabi/5.4.1/../../../../arm-none-eabi/lib/armv7-m\libc_nano.a(lib_a-mprec.o)
                0x08009320                __mprec_tens
 .rodata.__mprec_bigtens
                0x080093e8       0x28 c:/program files (x86)/gnu tools arm embedded/5.4 2016q3/bin/../lib/gcc/arm-none-eabi/5.4.1/../../../../arm-none-eabi/lib/armv7-m\libc_nano.a(lib_a-mprec.o)
                0x080093e8                __mprec_bigtens
 .rodata.p05.6097
                0x08009410        0xc c:/program files (x86)/gnu tools arm embedded/5.4 2016q3/bin/../lib/gcc/arm-none-eabi/5.4.1/../../../../arm-none-eabi/lib/armv7-m\libc_nano.a(lib_a-mprec.o)
 .rodata._ctype_
                0x0800941c      0x101 c:/program files (x86)/gnu tools arm embedded/5.4 2016q3/bin/../lib/gcc/arm-none-eabi/5.4.1/../../../../arm-none-eabi/lib/armv7-m\libc_nano.a(lib_a-ctype_.o)
                0x0800941c                _ctype_
 *fill*         0x0800951d        0x3 
 .rodata.str1.4
                0x08009520        0x4 c:/program files (x86)/gnu tools arm embedded/5.4 2016q3/bin/../lib/gcc/arm-none-eabi/5.4.1/../../../../arm-none-eabi/lib/armv7-m\libm.a(lib_a-w_pow.o)
 .rodata.str1.4
                0x08009524        0x4 c:/program files (x86)/gnu tools arm embedded/5.4 2016q3/bin/../lib/gcc/arm-none-eabi/5.4.1/../../../../arm-none-eabi/lib/armv7-m\libm.a(lib_a-e_pow.o)
                                  0x1 (size before relaxing)
 .rodata.TWO52  0x08009528       0x10 c:/program files (x86)/gnu tools arm embedded/5.4 2016q3/bin/../lib/gcc/arm-none-eabi/5.4.1/../../../../arm-none-eabi/lib/armv7-m\libm.a(lib_a-s_rint.o)
 .rodata.__sf_fake_stdin
                0x08009538       0x20 c:/program files (x86)/gnu tools arm embedded/5.4 2016q3/bin/../lib/gcc/arm-none-eabi/5.4.1/../../../../arm-none-eabi/lib/armv7-m\libg_nano.a(lib_a-findfp.o)
                0x08009538                __sf_fake_stdin
 .rodata.__sf_fake_stdout
                0x08009558       0x20 c:/program files (x86)/gnu tools arm embedded/5.4 2016q3/bin/../lib/gcc/arm-none-eabi/5.4.1/../../../../arm-none-eabi/lib/armv7-m\libg_nano.a(lib_a-findfp.o)
                0x08009558                __sf_fake_stdout
 .rodata.__sf_fake_stderr
                0x08009578       0x20 c:/program files (x86)/gnu tools arm embedded/5.4 2016q3/bin/../lib/gcc/arm-none-eabi/5.4.1/../../../../arm-none-eabi/lib/armv7-m\libg_nano.a(lib_a-findfp.o)
                0x08009578                __sf_fake_stderr
 *(.eh_fram e*)

.eh_frame       0x08009598        0x0
 .eh_frame      0x08009598        0x0 c:/program files (x86)/gnu tools arm embedded/5.4 2016q3/bin/../lib/gcc/arm-none-eabi/5.4.1/armv7-m/crtbegin.o

.glue_7         0x08009598        0x0
 .glue_7        0x08009598        0x0 linker stubs

.glue_7t        0x08009598        0x0
 .glue_7t       0x08009598        0x0 linker stubs

.vfp11_veneer   0x08009598        0x0
 .vfp11_veneer  0x08009598        0x0 linker stubs

.v4_bx          0x08009598        0x0
 .v4_bx         0x08009598        0x0 linker stubs

.iplt           0x08009598        0x0
 .iplt          0x08009598        0x0 c:/program files (x86)/gnu tools arm embedded/5.4 2016q3/bin/../lib/gcc/arm-none-eabi/5.4.1/armv7-m/crtbegin.o

.rel.dyn        0x08009598        0x0
 .rel.iplt      0x08009598        0x0 c:/program files (x86)/gnu tools arm embedded/5.4 2016q3/bin/../lib/gcc/arm-none-eabi/5.4.1/armv7-m/crtbegin.o

.ARM.extab
 *(.ARM.extab* .gnu.linkonce.armextab.*)
                0x08009598                __exidx_start = .

.ARM.exidx
 *(.ARM.exidx* .gnu.linkonce.armexidx.*)
                0x08009598                __exidx_end = .
                0x08009598                __etext = .
                0x08009598                _sidata = __etext

.data           0x20000000      0x210 load address 0x08009598
                0x20000000                __data_start__ = .
                0x20000000                _sdata = __data_start__
 *(vtable)
 *(.data*)
 .data          0x20000000       0x14 ..\obj\stm32f10x_rcc.o
 .data          0x20000014       0x14 ..\obj\system_stm32f10x.o
                0x20000014                SystemCoreClock
                0x20000018                AHBPrescTable
 .data          0x20000028        0x2 ..\obj\main.o
                0x20000028                Mscale
                0x20000029                Mmode
 *fill*         0x2000002a        0x2 
 .data.impure_data
                0x2000002c       0x60 c:/program files (x86)/gnu tools arm embedded/5.4 2016q3/bin/../lib/gcc/arm-none-eabi/5.4.1/../../../../arm-none-eabi/lib/armv7-m\libc_nano.a(lib_a-impure.o)
 .data._impure_ptr
                0x2000008c        0x4 c:/program files (x86)/gnu tools arm embedded/5.4 2016q3/bin/../lib/gcc/arm-none-eabi/5.4.1/../../../../arm-none-eabi/lib/armv7-m\libc_nano.a(lib_a-impure.o)
                0x2000008c                _impure_ptr
 .data.__global_locale
                0x20000090      0x16c c:/program files (x86)/gnu tools arm embedded/5.4 2016q3/bin/../lib/gcc/arm-none-eabi/5.4.1/../../../../arm-none-eabi/lib/armv7-m\libc_nano.a(lib_a-locale.o)
                0x20000090                __global_locale
 .data.__fdlib_version
                0x200001fc        0x1 c:/program files (x86)/gnu tools arm embedded/5.4 2016q3/bin/../lib/gcc/arm-none-eabi/5.4.1/../../../../arm-none-eabi/lib/armv7-m\libm.a(lib_a-s_lib_ver.o)
                0x200001fc                __fdlib_version
 *fill*         0x200001fd        0x3 
 .data.__heap_limit
                0x20000200        0x4 c:/program files (x86)/gnu tools arm embedded/5.4 2016q3/bin/../lib/gcc/arm-none-eabi/5.4.1/../../../../arm-none-eabi/lib/armv7-m\librdimon_nano.a(rdimon-syscalls.o)
                0x20000200                __heap_limit
                0x20000204                . = ALIGN (0x4)
                0x20000204                PROVIDE (__preinit_array_start, .)
 *(.preinit_array)
                0x20000204                PROVIDE (__preinit_array_end, .)
                0x20000204                . = ALIGN (0x4)
                0x20000204                PROVIDE (__init_array_start, .)
 *(SORT(.init_array.*))
 *(.init_array)
 .init_array    0x20000204        0x4 c:/program files (x86)/gnu tools arm embedded/5.4 2016q3/bin/../lib/gcc/arm-none-eabi/5.4.1/armv7-m/crtbegin.o
                0x20000208                PROVIDE (__init_array_end, .)
                0x20000208                . = ALIGN (0x4)
                [!provide]                PROVIDE (__fini_array_start, .)
 *(SORT(.fini_array.*))
 *(.fini_array)
 .fini_array    0x20000208        0x4 c:/program files (x86)/gnu tools arm embedded/5.4 2016q3/bin/../lib/gcc/arm-none-eabi/5.4.1/armv7-m/crtbegin.o
                [!provide]                PROVIDE (__fini_array_end, .)
 *(.jcr*)
 .jcr           0x2000020c        0x0 c:/program files (x86)/gnu tools arm embedded/5.4 2016q3/bin/../lib/gcc/arm-none-eabi/5.4.1/armv7-m/crtbegin.o
 .jcr           0x2000020c        0x4 c:/program files (x86)/gnu tools arm embedded/5.4 2016q3/bin/../lib/gcc/arm-none-eabi/5.4.1/armv7-m/crtend.o
                0x20000210                . = ALIGN (0x4)
                0x20000210                __data_end__ = .
                0x20000210                _edata = __data_end__

.igot.plt       0x20000210        0x0 load address 0x080097a8
 .igot.plt      0x20000210        0x0 c:/program files (x86)/gnu tools arm embedded/5.4 2016q3/bin/../lib/gcc/arm-none-eabi/5.4.1/armv7-m/crtbegin.o

.bss            0x20000210       0x90 load address 0x080097a8
                0x20000210                . = ALIGN (0x4)
                0x20000210                __bss_start__ = .
                0x20000210                _sbss = __bss_start__
 *(.bss*)
 .bss           0x20000210       0x1c c:/program files (x86)/gnu tools arm embedded/5.4 2016q3/bin/../lib/gcc/arm-none-eabi/5.4.1/armv7-m/crtbegin.o
 .bss           0x2000022c       0x11 ..\obj\semihosting.o
 *fill*         0x2000023d        0x3 
 .bss           0x20000240        0x4 ..\obj\delay.o
 .bss           0x20000244       0x40 ..\obj\main.o
                0x20000244                Gscale
                0x20000245                Ascale
                0x20000248                oldAccel
                0x20000254                gyroBias
                0x20000260                accelBias
                0x2000026c                magBias
                0x20000278                magScale
 .bss.__malloc_sbrk_start
                0x20000284        0x4 c:/program files (x86)/gnu tools arm embedded/5.4 2016q3/bin/../lib/gcc/arm-none-eabi/5.4.1/../../../../arm-none-eabi/lib/armv7-m\libc_nano.a(lib_a-nano-mallocr.o)
                0x20000284                __malloc_sbrk_start
 .bss.__malloc_free_list
                0x20000288        0x4 c:/program files (x86)/gnu tools arm embedded/5.4 2016q3/bin/../lib/gcc/arm-none-eabi/5.4.1/../../../../arm-none-eabi/lib/armv7-m\libc_nano.a(lib_a-nano-mallocr.o)
                0x20000288                __malloc_free_list
 .bss.heap_end.6208
                0x2000028c        0x4 c:/program files (x86)/gnu tools arm embedded/5.4 2016q3/bin/../lib/gcc/arm-none-eabi/5.4.1/../../../../arm-none-eabi/lib/armv7-m\librdimon_nano.a(rdimon-syscalls.o)
 *(COMMON)
 COMMON         0x20000290        0xc ..\obj\main.o
                0x20000290                aRes
                0x20000294                gRes
                0x20000298                mRes
 COMMON         0x2000029c        0x4 c:/program files (x86)/gnu tools arm embedded/5.4 2016q3/bin/../lib/gcc/arm-none-eabi/5.4.1/../../../../arm-none-eabi/lib/armv7-m\libc_nano.a(lib_a-reent.o)
                0x2000029c                errno
                0x200002a0                . = ALIGN (0x4)
                0x200002a0                __bss_end__ = .
                0x200002a0                _ebss = __bss_end__

.heap           0x200002a0        0x0
                0x200002a0                __end__ = .
                0x200002a0                _end = __end__
                0x200002a0                end = __end__
 *(.heap*)
                0x200002a0                __HeapLimit = .

.co_stack       0x200002a0        0x0
                0x200002a0                . = ALIGN (0x8)
 *(.co_stack .co_stack.*)
                0x20005000                __StackTop = (ORIGIN (ram) + LENGTH (ram))
                0x20005000                __StackLimit = (__StackTop - SIZEOF (.co_stack))
                0x20005000                PROVIDE (__stack, __StackTop)
                0x00000001                ASSERT ((__StackLimit >= __HeapLimit), region ram  overflowed with stack)
LOAD ..\obj\printf.o
LOAD ..\obj\stm32f10x_fsmc.o
LOAD ..\obj\filters.o
LOAD ..\obj\stm32f10x_gpio.o
LOAD ..\obj\stm32f10x_rcc.o
LOAD ..\obj\stm32f10x_dma.o
LOAD ..\obj\stm32f10x_sdio.o
LOAD ..\obj\kalman.o
LOAD ..\obj\misc.o
LOAD ..\obj\stm32f10x_i2c.o
LOAD ..\obj\stm32f10x_dbgmcu.o
LOAD ..\obj\stm32f10x_pwr.o
LOAD ..\obj\startup_stm32f10x_md.o
LOAD ..\obj\stm32f10x_cec.o
LOAD ..\obj\system_stm32f10x.o
LOAD ..\obj\i2c.o
LOAD ..\obj\stm32f10x_bkp.o
LOAD ..\obj\stm32f10x_can.o
LOAD ..\obj\stm32f10x_flash.o
LOAD ..\obj\stm32f10x_spi.o
LOAD ..\obj\stm32f10x_iwdg.o
LOAD ..\obj\stm32f10x_wwdg.o
LOAD ..\obj\stm32f10x_tim.o
LOAD ..\obj\stm32f10x_rtc.o
LOAD ..\obj\stm32f10x_usart.o
LOAD ..\obj\semihosting.o
LOAD ..\obj\stm32f10x_crc.o
LOAD ..\obj\sh_cmd.o
LOAD ..\obj\stm32f10x_adc.o
LOAD ..\obj\stm32f10x_exti.o
LOAD ..\obj\stm32f10x_dac.o
LOAD ..\obj\delay.o
LOAD ..\obj\main.o
LOAD c:/program files (x86)/gnu tools arm embedded/5.4 2016q3/bin/../lib/gcc/arm-none-eabi/5.4.1/armv7-m\libgcc.a
LOAD c:/program files (x86)/gnu tools arm embedded/5.4 2016q3/bin/../lib/gcc/arm-none-eabi/5.4.1/../../../../arm-none-eabi/lib/armv7-m\libc_nano.a
LOAD c:/program files (x86)/gnu tools arm embedded/5.4 2016q3/bin/../lib/gcc/arm-none-eabi/5.4.1/../../../../arm-none-eabi/lib/armv7-m\libm.a
LOAD c:/program files (x86)/gnu tools arm embedded/5.4 2016q3/bin/../lib/gcc/arm-none-eabi/5.4.1/../../../../arm-none-eabi/lib/armv7-m\librdimon_nano.a
START GROUP
LOAD c:/program files (x86)/gnu tools arm embedded/5.4 2016q3/bin/../lib/gcc/arm-none-eabi/5.4.1/armv7-m\libgcc.a
LOAD c:/program files (x86)/gnu tools arm embedded/5.4 2016q3/bin/../lib/gcc/arm-none-eabi/5.4.1/../../../../arm-none-eabi/lib/armv7-m\libg_nano.a
LOAD c:/program files (x86)/gnu tools arm embedded/5.4 2016q3/bin/../lib/gcc/arm-none-eabi/5.4.1/../../../../arm-none-eabi/lib/armv7-m\libc_nano.a
END GROUP
START GROUP
LOAD c:/program files (x86)/gnu tools arm embedded/5.4 2016q3/bin/../lib/gcc/arm-none-eabi/5.4.1/armv7-m\libgcc.a
LOAD c:/program files (x86)/gnu tools arm embedded/5.4 2016q3/bin/../lib/gcc/arm-none-eabi/5.4.1/../../../../arm-none-eabi/lib/armv7-m\libc_nano.a
END GROUP
LOAD c:/program files (x86)/gnu tools arm embedded/5.4 2016q3/bin/../lib/gcc/arm-none-eabi/5.4.1/armv7-m/crtend.o
LOAD c:/program files (x86)/gnu tools arm embedded/5.4 2016q3/bin/../lib/gcc/arm-none-eabi/5.4.1/armv7-m/crtn.o
OUTPUT(Drone.elf elf32-littlearm)

.ARM.attributes
                0x00000000       0x29
 .ARM.attributes
                0x00000000       0x1d c:/program files (x86)/gnu tools arm embedded/5.4 2016q3/bin/../lib/gcc/arm-none-eabi/5.4.1/armv7-m/crti.o
 .ARM.attributes
                0x0000001d       0x2d c:/program files (x86)/gnu tools arm embedded/5.4 2016q3/bin/../lib/gcc/arm-none-eabi/5.4.1/armv7-m/crtbegin.o
 .ARM.attributes
                0x0000004a       0x33 ..\obj\printf.o
 .ARM.attributes
                0x0000007d       0x33 ..\obj\stm32f10x_gpio.o
 .ARM.attributes
                0x000000b0       0x33 ..\obj\stm32f10x_rcc.o
 .ARM.attributes
                0x000000e3       0x33 ..\obj\stm32f10x_i2c.o
 .ARM.attributes
                0x00000116       0x21 ..\obj\startup_stm32f10x_md.o
 .ARM.attributes
                0x00000137       0x33 ..\obj\system_stm32f10x.o
 .ARM.attributes
                0x0000016a       0x33 ..\obj\i2c.o
 .ARM.attributes
                0x0000019d       0x33 ..\obj\semihosting.o
 .ARM.attributes
                0x000001d0       0x21 ..\obj\sh_cmd.o
 .ARM.attributes
                0x000001f1       0x33 ..\obj\delay.o
 .ARM.attributes
                0x00000224       0x33 ..\obj\main.o
 .ARM.attributes
                0x00000257       0x1d c:/program files (x86)/gnu tools arm embedded/5.4 2016q3/bin/../lib/gcc/arm-none-eabi/5.4.1/armv7-m\libgcc.a(_arm_addsubdf3.o)
 .ARM.attributes
                0x00000274       0x1d c:/program files (x86)/gnu tools arm embedded/5.4 2016q3/bin/../lib/gcc/arm-none-eabi/5.4.1/armv7-m\libgcc.a(_arm_muldivdf3.o)
 .ARM.attributes
                0x00000291       0x1d c:/program files (x86)/gnu tools arm embedded/5.4 2016q3/bin/../lib/gcc/arm-none-eabi/5.4.1/armv7-m\libgcc.a(_arm_fixdfsi.o)
 .ARM.attributes
                0x000002ae       0x1d c:/program files (x86)/gnu tools arm embedded/5.4 2016q3/bin/../lib/gcc/arm-none-eabi/5.4.1/armv7-m\libgcc.a(_arm_fixunsdfsi.o)
 .ARM.attributes
                0x000002cb       0x1d c:/program files (x86)/gnu tools arm embedded/5.4 2016q3/bin/../lib/gcc/arm-none-eabi/5.4.1/armv7-m\libgcc.a(_arm_truncdfsf2.o)
 .ARM.attributes
                0x000002e8       0x1d c:/program files (x86)/gnu tools arm embedded/5.4 2016q3/bin/../lib/gcc/arm-none-eabi/5.4.1/armv7-m\libgcc.a(_arm_addsubsf3.o)
 .ARM.attributes
                0x00000305       0x1d c:/program files (x86)/gnu tools arm embedded/5.4 2016q3/bin/../lib/gcc/arm-none-eabi/5.4.1/armv7-m\libgcc.a(_arm_muldivsf3.o)
 .ARM.attributes
                0x00000322       0x1d c:/program files (x86)/gnu tools arm embedded/5.4 2016q3/bin/../lib/gcc/arm-none-eabi/5.4.1/armv7-m\libgcc.a(_arm_fixsfsi.o)
 .ARM.attributes
                0x0000033f       0x2d c:/program files (x86)/gnu tools arm embedded/5.4 2016q3/bin/../lib/gcc/arm-none-eabi/5.4.1/../../../../arm-none-eabi/lib/armv7-m\libc_nano.a(lib_a-impure.o)
 .ARM.attributes
                0x0000036c       0x2d c:/program files (x86)/gnu tools arm embedded/5.4 2016q3/bin/../lib/gcc/arm-none-eabi/5.4.1/../../../../arm-none-eabi/lib/armv7-m\libc_nano.a(lib_a-memset.o)
 .ARM.attributes
                0x00000399       0x2d c:/program files (x86)/gnu tools arm embedded/5.4 2016q3/bin/../lib/gcc/arm-none-eabi/5.4.1/../../../../arm-none-eabi/lib/armv7-m\libc_nano.a(lib_a-nano-vfprintf_float.o)
 .ARM.attributes
                0x000003c6       0x2d c:/program files (x86)/gnu tools arm embedded/5.4 2016q3/bin/../lib/gcc/arm-none-eabi/5.4.1/../../../../arm-none-eabi/lib/armv7-m\libc_nano.a(lib_a-nano-vfprintf_i.o)
 .ARM.attributes
                0x000003f3       0x2d c:/program files (x86)/gnu tools arm embedded/5.4 2016q3/bin/../lib/gcc/arm-none-eabi/5.4.1/../../../../arm-none-eabi/lib/armv7-m\libc_nano.a(lib_a-nano-vfscanf_float.o)
 .ARM.attributes
                0x00000420       0x2d c:/program files (x86)/gnu tools arm embedded/5.4 2016q3/bin/../lib/gcc/arm-none-eabi/5.4.1/../../../../arm-none-eabi/lib/armv7-m\libc_nano.a(lib_a-sf_nan.o)
 .ARM.attributes
                0x0000044d       0x17 c:/program files (x86)/gnu tools arm embedded/5.4 2016q3/bin/../lib/gcc/arm-none-eabi/5.4.1/../../../../arm-none-eabi/lib/armv7-m\libc_nano.a(lib_a-strlen.o)
 .ARM.attributes
                0x00000464       0x2d c:/program files (x86)/gnu tools arm embedded/5.4 2016q3/bin/../lib/gcc/arm-none-eabi/5.4.1/../../../../arm-none-eabi/lib/armv7-m\libc_nano.a(lib_a-strtod.o)
 .ARM.attributes
                0x00000491       0x2d c:/program files (x86)/gnu tools arm embedded/5.4 2016q3/bin/../lib/gcc/arm-none-eabi/5.4.1/../../../../arm-none-eabi/lib/armv7-m\libc_nano.a(lib_a-strtol.o)
 .ARM.attributes
                0x000004be       0x2d c:/program files (x86)/gnu tools arm embedded/5.4 2016q3/bin/../lib/gcc/arm-none-eabi/5.4.1/../../../../arm-none-eabi/lib/armv7-m\libc_nano.a(lib_a-dtoa.o)
 .ARM.attributes
                0x000004eb       0x2d c:/program files (x86)/gnu tools arm embedded/5.4 2016q3/bin/../lib/gcc/arm-none-eabi/5.4.1/../../../../arm-none-eabi/lib/armv7-m\libc_nano.a(lib_a-gdtoa-gethex.o)
 .ARM.attributes
                0x00000518       0x2d c:/program files (x86)/gnu tools arm embedded/5.4 2016q3/bin/../lib/gcc/arm-none-eabi/5.4.1/../../../../arm-none-eabi/lib/armv7-m\libc_nano.a(lib_a-gdtoa-hexnan.o)
 .ARM.attributes
                0x00000545       0x2d c:/program files (x86)/gnu tools arm embedded/5.4 2016q3/bin/../lib/gcc/arm-none-eabi/5.4.1/../../../../arm-none-eabi/lib/armv7-m\libc_nano.a(lib_a-locale.o)
 .ARM.attributes
                0x00000572       0x2d c:/program files (x86)/gnu tools arm embedded/5.4 2016q3/bin/../lib/gcc/arm-none-eabi/5.4.1/../../../../arm-none-eabi/lib/armv7-m\libc_nano.a(lib_a-localeconv.o)
 .ARM.attributes
                0x0000059f       0x2d c:/program files (x86)/gnu tools arm embedded/5.4 2016q3/bin/../lib/gcc/arm-none-eabi/5.4.1/../../../../arm-none-eabi/lib/armv7-m\libc_nano.a(lib_a-malloc.o)
 .ARM.attributes
                0x000005cc       0x2d c:/program files (x86)/gnu tools arm embedded/5.4 2016q3/bin/../lib/gcc/arm-none-eabi/5.4.1/../../../../arm-none-eabi/lib/armv7-m\libc_nano.a(lib_a-mbtowc_r.o)
 .ARM.attributes
                0x000005f9       0x2d c:/program files (x86)/gnu tools arm embedded/5.4 2016q3/bin/../lib/gcc/arm-none-eabi/5.4.1/../../../../arm-none-eabi/lib/armv7-m\libc_nano.a(lib_a-memcpy-stub.o)
 .ARM.attributes
                0x00000626       0x2d c:/program files (x86)/gnu tools arm embedded/5.4 2016q3/bin/../lib/gcc/arm-none-eabi/5.4.1/../../../../arm-none-eabi/lib/armv7-m\libc_nano.a(lib_a-mprec.o)
 .ARM.attributes
                0x00000653       0x2d c:/program files (x86)/gnu tools arm embedded/5.4 2016q3/bin/../lib/gcc/arm-none-eabi/5.4.1/../../../../arm-none-eabi/lib/armv7-m\libc_nano.a(lib_a-nano-callocr.o)
 .ARM.attributes
                0x00000680       0x2d c:/program files (x86)/gnu tools arm embedded/5.4 2016q3/bin/../lib/gcc/arm-none-eabi/5.4.1/../../../../arm-none-eabi/lib/armv7-m\libc_nano.a(lib_a-nano-mallocr.o)
 .ARM.attributes
                0x000006ad       0x2d c:/program files (x86)/gnu tools arm embedded/5.4 2016q3/bin/../lib/gcc/arm-none-eabi/5.4.1/../../../../arm-none-eabi/lib/armv7-m\libc_nano.a(lib_a-sbrkr.o)
 .ARM.attributes
                0x000006da       0x2d c:/program files (x86)/gnu tools arm embedded/5.4 2016q3/bin/../lib/gcc/arm-none-eabi/5.4.1/../../../../arm-none-eabi/lib/armv7-m\libc_nano.a(lib_a-strncmp.o)
 .ARM.attributes
                0x00000707       0x2d c:/program files (x86)/gnu tools arm embedded/5.4 2016q3/bin/../lib/gcc/arm-none-eabi/5.4.1/../../../../arm-none-eabi/lib/armv7-m\libc_nano.a(lib_a-wctomb_r.o)
 .ARM.attributes
                0x00000734       0x2d c:/program files (x86)/gnu tools arm embedded/5.4 2016q3/bin/../lib/gcc/arm-none-eabi/5.4.1/../../../../arm-none-eabi/lib/armv7-m\libc_nano.a(lib_a-ctype_.o)
 .ARM.attributes
                0x00000761       0x2d c:/program files (x86)/gnu tools arm embedded/5.4 2016q3/bin/../lib/gcc/arm-none-eabi/5.4.1/../../../../arm-none-eabi/lib/armv7-m\libc_nano.a(lib_a-mlock.o)
 .ARM.attributes
                0x0000078e       0x2d c:/program files (x86)/gnu tools arm embedded/5.4 2016q3/bin/../lib/gcc/arm-none-eabi/5.4.1/../../../../arm-none-eabi/lib/armv7-m\libc_nano.a(lib_a-reent.o)
 .ARM.attributes
                0x000007bb       0x2d c:/program files (x86)/gnu tools arm embedded/5.4 2016q3/bin/../lib/gcc/arm-none-eabi/5.4.1/../../../../arm-none-eabi/lib/armv7-m\libm.a(lib_a-w_pow.o)
 .ARM.attributes
                0x000007e8       0x2d c:/program files (x86)/gnu tools arm embedded/5.4 2016q3/bin/../lib/gcc/arm-none-eabi/5.4.1/../../../../arm-none-eabi/lib/armv7-m\libm.a(lib_a-e_pow.o)
 .ARM.attributes
                0x00000815       0x2d c:/program files (x86)/gnu tools arm embedded/5.4 2016q3/bin/../lib/gcc/arm-none-eabi/5.4.1/../../../../arm-none-eabi/lib/armv7-m\libm.a(lib_a-e_sqrt.o)
 .ARM.attributes
                0x00000842       0x2d c:/program files (x86)/gnu tools arm embedded/5.4 2016q3/bin/../lib/gcc/arm-none-eabi/5.4.1/../../../../arm-none-eabi/lib/armv7-m\libm.a(lib_a-s_fabs.o)
 .ARM.attributes
                0x0000086f       0x2d c:/program files (x86)/gnu tools arm embedded/5.4 2016q3/bin/../lib/gcc/arm-none-eabi/5.4.1/../../../../arm-none-eabi/lib/armv7-m\libm.a(lib_a-s_finite.o)
 .ARM.attributes
                0x0000089c       0x2d c:/program files (x86)/gnu tools arm embedded/5.4 2016q3/bin/../lib/gcc/arm-none-eabi/5.4.1/../../../../arm-none-eabi/lib/armv7-m\libm.a(lib_a-s_lib_ver.o)
 .ARM.attributes
                0x000008c9       0x2d c:/program files (x86)/gnu tools arm embedded/5.4 2016q3/bin/../lib/gcc/arm-none-eabi/5.4.1/../../../../arm-none-eabi/lib/armv7-m\libm.a(lib_a-s_matherr.o)
 .ARM.attributes
                0x000008f6       0x2d c:/program files (x86)/gnu tools arm embedded/5.4 2016q3/bin/../lib/gcc/arm-none-eabi/5.4.1/../../../../arm-none-eabi/lib/armv7-m\libm.a(lib_a-s_nan.o)
 .ARM.attributes
                0x00000923       0x2d c:/program files (x86)/gnu tools arm embedded/5.4 2016q3/bin/../lib/gcc/arm-none-eabi/5.4.1/../../../../arm-none-eabi/lib/armv7-m\libm.a(lib_a-s_rint.o)
 .ARM.attributes
                0x00000950       0x2d c:/program files (x86)/gnu tools arm embedded/5.4 2016q3/bin/../lib/gcc/arm-none-eabi/5.4.1/../../../../arm-none-eabi/lib/armv7-m\libm.a(lib_a-s_scalbn.o)
 .ARM.attributes
                0x0000097d       0x2d c:/program files (x86)/gnu tools arm embedded/5.4 2016q3/bin/../lib/gcc/arm-none-eabi/5.4.1/../../../../arm-none-eabi/lib/armv7-m\libm.a(lib_a-s_copysign.o)
 .ARM.attributes
                0x000009aa       0x2d c:/program files (x86)/gnu tools arm embedded/5.4 2016q3/bin/../lib/gcc/arm-none-eabi/5.4.1/../../../../arm-none-eabi/lib/armv7-m\librdimon_nano.a(rdimon-syscalls.o)
 .ARM.attributes
                0x000009d7       0x1d c:/program files (x86)/gnu tools arm embedded/5.4 2016q3/bin/../lib/gcc/arm-none-eabi/5.4.1/armv7-m\libgcc.a(_arm_cmpdf2.o)
 .ARM.attributes
                0x000009f4       0x1d c:/program files (x86)/gnu tools arm embedded/5.4 2016q3/bin/../lib/gcc/arm-none-eabi/5.4.1/armv7-m\libgcc.a(_arm_unorddf2.o)
 .ARM.attributes
                0x00000a11       0x2d c:/program files (x86)/gnu tools arm embedded/5.4 2016q3/bin/../lib/gcc/arm-none-eabi/5.4.1/../../../../arm-none-eabi/lib/armv7-m\libg_nano.a(lib_a-errno.o)
 .ARM.attributes
                0x00000a3e       0x2d c:/program files (x86)/gnu tools arm embedded/5.4 2016q3/bin/../lib/gcc/arm-none-eabi/5.4.1/../../../../arm-none-eabi/lib/armv7-m\libg_nano.a(lib_a-findfp.o)
 .ARM.attributes
                0x00000a6b       0x2d c:/program files (x86)/gnu tools arm embedded/5.4 2016q3/bin/../lib/gcc/arm-none-eabi/5.4.1/armv7-m/crtend.o
 .ARM.attributes
                0x00000a98       0x1d c:/program files (x86)/gnu tools arm embedded/5.4 2016q3/bin/../lib/gcc/arm-none-eabi/5.4.1/armv7-m/crtn.o

.comment        0x00000000       0x6e
 .comment       0x00000000       0x6e ..\obj\printf.o
                                 0x6f (size before relaxing)
 .comment       0x0000006e       0x6f ..\obj\stm32f10x_gpio.o
 .comment       0x0000006e       0x6f ..\obj\stm32f10x_rcc.o
 .comment       0x0000006e       0x6f ..\obj\stm32f10x_i2c.o
 .comment       0x0000006e       0x6f ..\obj\system_stm32f10x.o
 .comment       0x0000006e       0x6f ..\obj\i2c.o
 .comment       0x0000006e       0x6f ..\obj\semihosting.o
 .comment       0x0000006e       0x6f ..\obj\delay.o
 .comment       0x0000006e       0x6f ..\obj\main.o

.debug_info     0x00000000     0x43ce
 .debug_info    0x00000000      0xe3d ..\obj\printf.o
 .debug_info    0x00000e3d      0x6f6 ..\obj\stm32f10x_gpio.o
 .debug_info    0x00001533      0x8a3 ..\obj\stm32f10x_rcc.o
 .debug_info    0x00001dd6      0xb0c ..\obj\stm32f10x_i2c.o
 .debug_info    0x000028e2       0xc9 ..\obj\startup_stm32f10x_md.o
 .debug_info    0x000029ab      0x49c ..\obj\system_stm32f10x.o
 .debug_info    0x00002e47      0x589 ..\obj\i2c.o
 .debug_info    0x000033d0      0x12f ..\obj\semihosting.o
 .debug_info    0x000034ff       0xb7 ..\obj\sh_cmd.o
 .debug_info    0x000035b6      0x61e ..\obj\delay.o
 .debug_info    0x00003bd4      0x7fa ..\obj\main.o

.debug_abbrev   0x00000000      0xeb3
 .debug_abbrev  0x00000000      0x287 ..\obj\printf.o
 .debug_abbrev  0x00000287      0x1cc ..\obj\stm32f10x_gpio.o
 .debug_abbrev  0x00000453      0x1bc ..\obj\stm32f10x_rcc.o
 .debug_abbrev  0x0000060f      0x166 ..\obj\stm32f10x_i2c.o
 .debug_abbrev  0x00000775       0x12 ..\obj\startup_stm32f10x_md.o
 .debug_abbrev  0x00000787      0x14e ..\obj\system_stm32f10x.o
 .debug_abbrev  0x000008d5      0x160 ..\obj\i2c.o
 .debug_abbrev  0x00000a35       0xad ..\obj\semihosting.o
 .debug_abbrev  0x00000ae2       0x14 ..\obj\sh_cmd.o
 .debug_abbrev  0x00000af6      0x1c7 ..\obj\delay.o
 .debug_abbrev  0x00000cbd      0x1f6 ..\obj\main.o

.debug_aranges  0x00000000      0x168
 .debug_aranges
                0x00000000       0x20 ..\obj\printf.o
 .debug_aranges
                0x00000020       0x20 ..\obj\stm32f10x_gpio.o
 .debug_aranges
                0x00000040       0x20 ..\obj\stm32f10x_rcc.o
 .debug_aranges
                0x00000060       0x20 ..\obj\stm32f10x_i2c.o
 .debug_aranges
                0x00000080       0x28 ..\obj\startup_stm32f10x_md.o
 .debug_aranges
                0x000000a8       0x20 ..\obj\system_stm32f10x.o
 .debug_aranges
                0x000000c8       0x20 ..\obj\i2c.o
 .debug_aranges
                0x000000e8       0x20 ..\obj\semihosting.o
 .debug_aranges
                0x00000108       0x20 ..\obj\sh_cmd.o
 .debug_aranges
                0x00000128       0x20 ..\obj\delay.o
 .debug_aranges
                0x00000148       0x20 ..\obj\main.o

.debug_line     0x00000000     0x19a8
 .debug_line    0x00000000      0x2d0 ..\obj\printf.o
 .debug_line    0x000002d0      0x2e0 ..\obj\stm32f10x_gpio.o
 .debug_line    0x000005b0      0x329 ..\obj\stm32f10x_rcc.o
 .debug_line    0x000008d9      0x330 ..\obj\stm32f10x_i2c.o
 .debug_line    0x00000c09       0xcb ..\obj\startup_stm32f10x_md.o
 .debug_line    0x00000cd4      0x24a ..\obj\system_stm32f10x.o
 .debug_line    0x00000f1e      0x2aa ..\obj\i2c.o
 .debug_line    0x000011c8       0xb3 ..\obj\semihosting.o
 .debug_line    0x0000127b       0x9c ..\obj\sh_cmd.o
 .debug_line    0x00001317      0x248 ..\obj\delay.o
 .debug_line    0x0000155f      0x449 ..\obj\main.o

.debug_str      0x00000000     0x1c18
 .debug_str     0x00000000      0x5ee ..\obj\printf.o
                                0x685 (size before relaxing)
 .debug_str     0x000005ee      0x41e ..\obj\stm32f10x_gpio.o
                                0x541 (size before relaxing)
 .debug_str     0x00000a0c      0x47a ..\obj\stm32f10x_rcc.o
                                0x642 (size before relaxing)
 .debug_str     0x00000e86      0x43f ..\obj\stm32f10x_i2c.o
                                0x68e (size before relaxing)
 .debug_str     0x000012c5      0x131 ..\obj\system_stm32f10x.o
                                0x318 (size before relaxing)
 .debug_str     0x000013f6       0xeb ..\obj\i2c.o
                                0x4bb (size before relaxing)
 .debug_str     0x000014e1       0x99 ..\obj\semihosting.o
                                0x1d4 (size before relaxing)
 .debug_str     0x0000157a      0x3af ..\obj\delay.o
                                0x590 (size before relaxing)
 .debug_str     0x00001929      0x2ef ..\obj\main.o
                                0x4c1 (size before relaxing)

.debug_frame    0x00000000     0x253c
 .debug_frame   0x00000000      0x2d8 ..\obj\printf.o
 .debug_frame   0x000002d8      0x2d0 ..\obj\stm32f10x_gpio.o
 .debug_frame   0x000005a8      0x4f4 ..\obj\stm32f10x_rcc.o
 .debug_frame   0x00000a9c      0x530 ..\obj\stm32f10x_i2c.o
 .debug_frame   0x00000fcc       0x98 ..\obj\system_stm32f10x.o
 .debug_frame   0x00001064      0x1a0 ..\obj\i2c.o
 .debug_frame   0x00001204       0x7c ..\obj\semihosting.o
 .debug_frame   0x00001280       0xe4 ..\obj\delay.o
 .debug_frame   0x00001364      0x230 ..\obj\main.o
 .debug_frame   0x00001594       0x20 c:/program files (x86)/gnu tools arm embedded/5.4 2016q3/bin/../lib/gcc/arm-none-eabi/5.4.1/../../../../arm-none-eabi/lib/armv7-m\libc_nano.a(lib_a-memset.o)
 .debug_frame   0x000015b4       0x8c c:/program files (x86)/gnu tools arm embedded/5.4 2016q3/bin/../lib/gcc/arm-none-eabi/5.4.1/../../../../arm-none-eabi/lib/armv7-m\libc_nano.a(lib_a-nano-vfprintf_float.o)
 .debug_frame   0x00001640       0x60 c:/program files (x86)/gnu tools arm embedded/5.4 2016q3/bin/../lib/gcc/arm-none-eabi/5.4.1/../../../../arm-none-eabi/lib/armv7-m\libc_nano.a(lib_a-nano-vfprintf_i.o)
 .debug_frame   0x000016a0       0x40 c:/program files (x86)/gnu tools arm embedded/5.4 2016q3/bin/../lib/gcc/arm-none-eabi/5.4.1/../../../../arm-none-eabi/lib/armv7-m\libc_nano.a(lib_a-nano-vfscanf_float.o)
 .debug_frame   0x000016e0       0x20 c:/program files (x86)/gnu tools arm embedded/5.4 2016q3/bin/../lib/gcc/arm-none-eabi/5.4.1/../../../../arm-none-eabi/lib/armv7-m\libc_nano.a(lib_a-sf_nan.o)
 .debug_frame   0x00001700       0xf8 c:/program files (x86)/gnu tools arm embedded/5.4 2016q3/bin/../lib/gcc/arm-none-eabi/5.4.1/../../../../arm-none-eabi/lib/armv7-m\libc_nano.a(lib_a-strtod.o)
 .debug_frame   0x000017f8       0x84 c:/program files (x86)/gnu tools arm embedded/5.4 2016q3/bin/../lib/gcc/arm-none-eabi/5.4.1/../../../../arm-none-eabi/lib/armv7-m\libc_nano.a(lib_a-strtol.o)
 .debug_frame   0x0000187c       0x6c c:/program files (x86)/gnu tools arm embedded/5.4 2016q3/bin/../lib/gcc/arm-none-eabi/5.4.1/../../../../arm-none-eabi/lib/armv7-m\libc_nano.a(lib_a-dtoa.o)
 .debug_frame   0x000018e8       0x70 c:/program files (x86)/gnu tools arm embedded/5.4 2016q3/bin/../lib/gcc/arm-none-eabi/5.4.1/../../../../arm-none-eabi/lib/armv7-m\libc_nano.a(lib_a-gdtoa-gethex.o)
 .debug_frame   0x00001958       0x74 c:/program files (x86)/gnu tools arm embedded/5.4 2016q3/bin/../lib/gcc/arm-none-eabi/5.4.1/../../../../arm-none-eabi/lib/armv7-m\libc_nano.a(lib_a-gdtoa-hexnan.o)
 .debug_frame   0x000019cc       0x88 c:/program files (x86)/gnu tools arm embedded/5.4 2016q3/bin/../lib/gcc/arm-none-eabi/5.4.1/../../../../arm-none-eabi/lib/armv7-m\libc_nano.a(lib_a-locale.o)
 .debug_frame   0x00001a54       0x40 c:/program files (x86)/gnu tools arm embedded/5.4 2016q3/bin/../lib/gcc/arm-none-eabi/5.4.1/../../../../arm-none-eabi/lib/armv7-m\libc_nano.a(lib_a-localeconv.o)
 .debug_frame   0x00001a94       0x30 c:/program files (x86)/gnu tools arm embedded/5.4 2016q3/bin/../lib/gcc/arm-none-eabi/5.4.1/../../../../arm-none-eabi/lib/armv7-m\libc_nano.a(lib_a-malloc.o)
 .debug_frame   0x00001ac4       0x44 c:/program files (x86)/gnu tools arm embedded/5.4 2016q3/bin/../lib/gcc/arm-none-eabi/5.4.1/../../../../arm-none-eabi/lib/armv7-m\libc_nano.a(lib_a-mbtowc_r.o)
 .debug_frame   0x00001b08       0x28 c:/program files (x86)/gnu tools arm embedded/5.4 2016q3/bin/../lib/gcc/arm-none-eabi/5.4.1/../../../../arm-none-eabi/lib/armv7-m\libc_nano.a(lib_a-memcpy-stub.o)
 .debug_frame   0x00001b30      0x234 c:/program files (x86)/gnu tools arm embedded/5.4 2016q3/bin/../lib/gcc/arm-none-eabi/5.4.1/../../../../arm-none-eabi/lib/armv7-m\libc_nano.a(lib_a-mprec.o)
 .debug_frame   0x00001d64       0x2c c:/program files (x86)/gnu tools arm embedded/5.4 2016q3/bin/../lib/gcc/arm-none-eabi/5.4.1/../../../../arm-none-eabi/lib/armv7-m\libc_nano.a(lib_a-nano-callocr.o)
 .debug_frame   0x00001d90       0x2c c:/program files (x86)/gnu tools arm embedded/5.4 2016q3/bin/../lib/gcc/arm-none-eabi/5.4.1/../../../../arm-none-eabi/lib/armv7-m\libc_nano.a(lib_a-nano-mallocr.o)
 .debug_frame   0x00001dbc       0x2c c:/program files (x86)/gnu tools arm embedded/5.4 2016q3/bin/../lib/gcc/arm-none-eabi/5.4.1/../../../../arm-none-eabi/lib/armv7-m\libc_nano.a(lib_a-sbrkr.o)
 .debug_frame   0x00001de8       0x2c c:/program files (x86)/gnu tools arm embedded/5.4 2016q3/bin/../lib/gcc/arm-none-eabi/5.4.1/../../../../arm-none-eabi/lib/armv7-m\libc_nano.a(lib_a-strncmp.o)
 .debug_frame   0x00001e14       0x3c c:/program files (x86)/gnu tools arm embedded/5.4 2016q3/bin/../lib/gcc/arm-none-eabi/5.4.1/../../../../arm-none-eabi/lib/armv7-m\libc_nano.a(lib_a-wctomb_r.o)
 .debug_frame   0x00001e50       0x30 c:/program files (x86)/gnu tools arm embedded/5.4 2016q3/bin/../lib/gcc/arm-none-eabi/5.4.1/../../../../arm-none-eabi/lib/armv7-m\libc_nano.a(lib_a-mlock.o)
 .debug_frame   0x00001e80       0x5c c:/program files (x86)/gnu tools arm embedded/5.4 2016q3/bin/../lib/gcc/arm-none-eabi/5.4.1/../../../../arm-none-eabi/lib/armv7-m\libc_nano.a(lib_a-reent.o)
 .debug_frame   0x00001edc       0x4c c:/program files (x86)/gnu tools arm embedded/5.4 2016q3/bin/../lib/gcc/arm-none-eabi/5.4.1/../../../../arm-none-eabi/lib/armv7-m\libm.a(lib_a-w_pow.o)
 .debug_frame   0x00001f28       0x68 c:/program files (x86)/gnu tools arm embedded/5.4 2016q3/bin/../lib/gcc/arm-none-eabi/5.4.1/../../../../arm-none-eabi/lib/armv7-m\libm.a(lib_a-e_pow.o)
 .debug_frame   0x00001f90       0x30 c:/program files (x86)/gnu tools arm embedded/5.4 2016q3/bin/../lib/gcc/arm-none-eabi/5.4.1/../../../../arm-none-eabi/lib/armv7-m\libm.a(lib_a-e_sqrt.o)
 .debug_frame   0x00001fc0       0x20 c:/program files (x86)/gnu tools arm embedded/5.4 2016q3/bin/../lib/gcc/arm-none-eabi/5.4.1/../../../../arm-none-eabi/lib/armv7-m\libm.a(lib_a-s_fabs.o)
 .debug_frame   0x00001fe0       0x20 c:/program files (x86)/gnu tools arm embedded/5.4 2016q3/bin/../lib/gcc/arm-none-eabi/5.4.1/../../../../arm-none-eabi/lib/armv7-m\libm.a(lib_a-s_finite.o)
 .debug_frame   0x00002000       0x20 c:/program files (x86)/gnu tools arm embedded/5.4 2016q3/bin/../lib/gcc/arm-none-eabi/5.4.1/../../../../arm-none-eabi/lib/armv7-m\libm.a(lib_a-s_matherr.o)
 .debug_frame   0x00002020       0x20 c:/program files (x86)/gnu tools arm embedded/5.4 2016q3/bin/../lib/gcc/arm-none-eabi/5.4.1/../../../../arm-none-eabi/lib/armv7-m\libm.a(lib_a-s_nan.o)
 .debug_frame   0x00002040       0x3c c:/program files (x86)/gnu tools arm embedded/5.4 2016q3/bin/../lib/gcc/arm-none-eabi/5.4.1/../../../../arm-none-eabi/lib/armv7-m\libm.a(lib_a-s_rint.o)
 .debug_frame   0x0000207c       0x30 c:/program files (x86)/gnu tools arm embedded/5.4 2016q3/bin/../lib/gcc/arm-none-eabi/5.4.1/../../../../arm-none-eabi/lib/armv7-m\libm.a(lib_a-s_scalbn.o)
 .debug_frame   0x000020ac       0x20 c:/program files (x86)/gnu tools arm embedded/5.4 2016q3/bin/../lib/gcc/arm-none-eabi/5.4.1/../../../../arm-none-eabi/lib/armv7-m\libm.a(lib_a-s_copysign.o)
 .debug_frame   0x000020cc      0x334 c:/program files (x86)/gnu tools arm embedded/5.4 2016q3/bin/../lib/gcc/arm-none-eabi/5.4.1/../../../../arm-none-eabi/lib/armv7-m\librdimon_nano.a(rdimon-syscalls.o)
 .debug_frame   0x00002400       0x20 c:/program files (x86)/gnu tools arm embedded/5.4 2016q3/bin/../lib/gcc/arm-none-eabi/5.4.1/../../../../arm-none-eabi/lib/armv7-m\libg_nano.a(lib_a-errno.o)
 .debug_frame   0x00002420      0x11c c:/program files (x86)/gnu tools arm embedded/5.4 2016q3/bin/../lib/gcc/arm-none-eabi/5.4.1/../../../../arm-none-eabi/lib/armv7-m\libg_nano.a(lib_a-findfp.o)

.debug_ranges   0x00000000       0x20
 .debug_ranges  0x00000000       0x20 ..\obj\startup_stm32f10x_md.o
